// Jest Snapshot v1, https://goo.gl/fbAQLP

exports[`Pruebas en <GifItem /> debe de hacer match con el snapshot 1`] = `
<div>
  <li
    class="card"
  >
    <img
      alt="Example Title"
      src="https://example.com/image.jpg"
    />
    <a>
      Example Title
    </a>
  </li>
</div>
`;
